Script started on 2020-01-23 17:28:59-05:00 [TERM="xterm-256color" TTY="/dev/pts/0" COLUMNS="94" LINES="49"]
bash: /home/umrigar/cs240/bin/student.rc: Permission denied
rsaptar2@g7-28:/import/linux/home1/rsaptar2/tmp$ ls ~/.ssh
authorized_keys  id_rsa  id_rsa.pub  known_hosts
rsaptar2@g7-28:/import/linux/home1/rsaptar2/tmp$ ssh[K[K[Kcd
rsaptar2@g7-28:~$ ssh [K-copy-id -s [K[Ku [K[Ki user[K[K[K[Krsaptar2@remt[Kpte.[K[K[K[Kpte.[K[K[K[Koete[K[K[Kte.cs binghamon[K[Kto0n[K[Kn/[K.edu

/usr/bin/ssh-copy-id: ERROR: failed to open ID file 'rsaptar2@remote.cs.pub': No such file
rsaptar2@g7-28:~$ man ssg[Kh-copy-f[Kd
No manual entry for ssh-copy-d
rsaptar2@g7-28:~$ [Aman ssh-copy-d[Kid
[?1049h[22;0;0t[?1h=SSH-COPY-ID(1)                  BSD General Commands Manual                  SSH-COPY-ID(1)[m
[m
[1mNAME[0m[m
     [1mssh-copy-id[0m — use locally available keys to authorise logins on a remote machine[m
[m
[1mSYNOPSIS[0m[m
     [1mssh-copy-id[0m [[1m-f[0m] [[1m-n[0m] [[1m-i[0m [[4midentity_file[24m]] [[1m-p[0m [4mport[24m] [[1m-o[0m [4mssh_option[24m] [[4muser[24m@][4mhostname[24m[m
     [1mssh-copy-id[0m [1m-h[0m | [1m-[0m?[m
[m
[1mDESCRIPTION[0m[m
     [1mssh-copy-id[0m is a script that uses ssh(1) to log into a remote machine (presumably us‐[m
     ing a login password, so password authentication should be enabled, unless you've done[m
     some clever use of multiple identities).  It assembles a list of one or more finger‐[m
     prints (as described below) and tries to log in with each key, to see if any of them[m
     are already installed (of course, if you are not using ssh-agent(1) this may result in[m
     you being repeatedly prompted for pass-phrases).  It then assembles a list of those[m
     that failed to log in, and using ssh, enables logins with those keys on the remote[m
     server.  By default it adds the keys by appending them to the remote user's[m
     [4m~/.ssh/authorized_keys[24m (creating the file, and directory, if necessary).  It is also[m
     capable of detecting if the remote system is a NetScreen, and using its ‘set ssh[m
     pka-dsa key ...’ command instead.[m
[m
     The options are as follows:[m
[m
     [1m-i[0m [4midentity_file[24m[m
             Use only the key(s) contained in [4midentity_file[24m (rather than looking for iden‐[m
             tities via ssh-add(1) or in the [1mdefault_ID_file[0m).  If the filename does not[m
             end in [4m.pub[24m this is added.  If the filename is omitted, the [1mdefault_ID_file[0m is[m
             used.[m
[m
             Note that this can be used to ensure that the keys copied have the comment one[m
             prefers and/or extra options applied, by ensuring that the key file has these[m
             set as preferred before the copy is attempted.[m
[m
     [1m-f[0m      Forced mode: doesn't check if the keys are present on the remote server.  This[m
             means that it does not need the private key.  Of course, this can result in[m
             more than one copy of the key being installed on the remote system.[m
[m
     [1m-n[0m      do a dry-run.  Instead of installing keys on the remote system simply prints[m
             the key(s) that would have been installed.[m
[m
     [1m-h[0m, [1m-[0m?  Print Usage summary[m
[m
     [1m-p[0m [4mport[24m, [1m-o[0m [4mssh_option[24m[m
             These two options are simply passed through untouched, along with their argu‐[m
             ment, to allow one to set the port or other ssh(1) options, respectively.[m
[m
             Rather than specifying these as command line options, it is often better to[m
[7m Manual page ssh-copy-id(1) line 1 (press h for help or q to quit)[27m[K[K[7m Manual page ssh-copy-id(1) line 1 (press h for help or q to quit)[27m[K[K[?1l>[?1049l[23;0;0trsaptar2@g7-28:~$ cd
rsaptar2@g7-28:~$ ~/.profike[K[Kke[K[Kle
bash: /home/rsaptar2/.profile: Permission denied
rsaptar2@g7-28:~$ gedit !!
gedit ~/.profile
rsaptar2@g7-28:~$ cd
rsaptar2@g7-28:~$ mkdir -p ~/projext[Kc[K[Kcts
rsaptar2@g7-28:~$ cd projects/
rsaptar2@g7-28:~/projects$ ls
rsaptar2@g7-28:~/projects$ git clone sh://user@remote.cs.binghamton.edu/~umrigar/git-repos/cs240.git[A[C[C[C[C[C[C[C[C[C[C[C[C[C[C[C[C[C[C[C[C[C[C[C[C[C[C[C[C[C[C[C[Csh://user@remote.cs.binghamton.edu/~umrigar/git-repos/cs240.git[A[C[C[C[C[C[C[C[C[C[C[C[C[C[C[C[C[C[C[C[C[C[C[C[C[C[C[C[C[C[C[C[C[C[C[C[C[C[C[C[C[C[C[C@remote.cs.binghamton.edu/~umrigar/git-repos/cs24[1P0.git[A[C[C[C[C[C[C[C[C[C[C[C[C[C[C[C[C[C[C[C[C[C[C[C[C[C[C[C[C[C[C[C[C[C[C[C[C[C[C[C[C@remote.cs.binghamton.edu/~umrigar/git-repos/cs240[1P.git[A[C[C[C[C[C[C[C[C[C[C[C[C[C[C[C[C[C[C[C[C[C[C[C[C[C[C[C[C[C[C[C[C[C[C[C[C[C[C[C[C@remote.cs.binghamton.edu/~umrigar/git-repos/cs240.[1Pgit[A[C[C[C[C[C[C[C[C[C[C[C[C[C[C[C[C[C[C[C[C[C[C[C[C[C[C[C[C[C[C[C[C[C[C[C[C[C[C[C[C@remote.cs.binghamton.edu/~umrigar/git-repos/cs240.g[1Pit[A[C[C[C[C[C[C[C[C[C[C[C[C[C[C[C[C[C[C[C[C[C[C[C[C[C[C[C[C[C[C[C[C[C[C[C[C[C[C[C[Cr@remote.cs.binghamton.edu/~umrigar/git-repos/cs240.git[A[C[C[C[C[C[C[C[C[C[C[C[C[C[C[C[C[C[C[C[C[C[C[C[C[C[C[C[C[C[C[C[C[C[C[C[C[C[C[C[Cs@remote.cs.binghamton.edu/~umrigar/git-repos/cs240.git[A[C[C[C[C[C[C[C[C[C[C[C[C[C[C[C[C[C[C[C[C[C[C[C[C[C[C[C[C[C[C[C[C[C[C[C[C[C[C[C[Ca@remote.cs.binghamton.edu/~umrigar/git-repos/cs240.git[A[C[C[C[C[C[C[C[C[C[C[C[C[C[C[C[C[C[C[C[C[C[C[C[C[C[C[C[C[C[C[C[C[C[C[C[C[C[C[C[Cp@remote.cs.binghamton.edu/~umrigar/git-repos/cs240.git[A[C[C[C[C[C[C[C[C[C[C[C[C[C[C[C[C[C[C[C[C[C[C[C[C[C[C[C[C[C[C[C[C[C[C[C[C[C[C[C[Ct@remote.cs.binghamton.edu/~umrigar/git-repos/cs240.git[A[C[C[C[C[C[C[C[C[C[C[C[C[C[C[C[C[C[C[C[C[C[C[C[C[C[C[C[C[C[C[C[C[C[C[C[C[C[C[C[Ca@remote.cs.binghamton.edu/~umrigar/git-repos/cs240.git[A[C[C[C[C[C[C[C[C[C[C[C[C[C[C[C[C[C[C[C[C[C[C[C[C[C[C[C[C[C[C[C[C[C[C[C[C[C[C[C[Cr@remote.cs.binghamton.edu/~umrigar/git-repos/cs240.git[A[C[C[C[C[C[C[C[C[C[C[C[C[C[C[C[C[C[C[C[C[C[C[C[C[C[C[C[C[C[C[C[C[C[C[C[C[C[C[C[C2@remote.cs.binghamton.edu/~umrigar/git-repos/cs240.git[A[C[C[C[C[C[C[C[C[C[C[C[C[C[C[C[C[C[C[C[C[C[C[C[C[C[C[C[C[C[C[C[C[C[C[C[C[C[C[C[C

Cloning into 'cs240'...
/home/rsaptar2/.bashrc: line 1: /home/umrigar/cs240/bin/student.rc: Permission denied
remote: Enumerating objects: 217, done.[K
remote: Counting objects:   0% (1/217)   [Kremote: Counting objects:   1% (3/217)   [Kremote: Counting objects:   2% (5/217)   [Kremote: Counting objects:   3% (7/217)   [Kremote: Counting objects:   4% (9/217)   [Kremote: Counting objects:   5% (11/217)   [Kremote: Counting objects:   6% (14/217)   [Kremote: Counting objects:   7% (16/217)   [Kremote: Counting objects:   8% (18/217)   [Kremote: Counting objects:   9% (20/217)   [Kremote: Counting objects:  10% (22/217)   [Kremote: Counting objects:  11% (24/217)   [Kremote: Counting objects:  12% (27/217)   [Kremote: Counting objects:  13% (29/217)   [Kremote: Counting objects:  14% (31/217)   [Kremote: Counting objects:  15% (33/217)   [Kremote: Counting objects:  16% (35/217)   [Kremote: Counting objects:  17% (37/217)   [Kremote: Counting objects:  18% (40/217)   [Kremote: Counting objects:  19% (42/217)   [Kremote: Counting objects:  20% (44/217)   [Kremote: Counting objects:  21% (46/217)   [Kremote: Counting objects:  22% (48/217)   [Kremote: Counting objects:  23% (50/217)   [Kremote: Counting objects:  24% (53/217)   [Kremote: Counting objects:  25% (55/217)   [Kremote: Counting objects:  26% (57/217)   [Kremote: Counting objects:  27% (59/217)   [Kremote: Counting objects:  28% (61/217)   [Kremote: Counting objects:  29% (63/217)   [Kremote: Counting objects:  30% (66/217)   [Kremote: Counting objects:  31% (68/217)   [Kremote: Counting objects:  32% (70/217)   [Kremote: Counting objects:  33% (72/217)   [Kremote: Counting objects:  34% (74/217)   [Kremote: Counting objects:  35% (76/217)   [Kremote: Counting objects:  36% (79/217)   [Kremote: Counting objects:  37% (81/217)   [Kremote: Counting objects:  38% (83/217)   [Kremote: Counting objects:  39% (85/217)   [Kremote: Counting objects:  40% (87/217)   [Kremote: Counting objects:  41% (89/217)   [Kremote: Counting objects:  42% (92/217)   [Kremote: Counting objects:  43% (94/217)   [Kremote: Counting objects:  44% (96/217)   [Kremote: Counting objects:  45% (98/217)   [Kremote: Counting objects:  46% (100/217)   [Kremote: Counting objects:  47% (102/217)   [Kremote: Counting objects:  48% (105/217)   [Kremote: Counting objects:  49% (107/217)   [Kremote: Counting objects:  50% (109/217)   [Kremote: Counting objects:  51% (111/217)   [Kremote: Counting objects:  52% (113/217)   [Kremote: Counting objects:  53% (116/217)   [Kremote: Counting objects:  54% (118/217)   [Kremote: Counting objects:  55% (120/217)   [Kremote: Counting objects:  56% (122/217)   [Kremote: Counting objects:  57% (124/217)   [Kremote: Counting objects:  58% (126/217)   [Kremote: Counting objects:  59% (129/217)   [Kremote: Counting objects:  60% (131/217)   [Kremote: Counting objects:  61% (133/217)   [Kremote: Counting objects:  62% (135/217)   [Kremote: Counting objects:  63% (137/217)   [Kremote: Counting objects:  64% (139/217)   [Kremote: Counting objects:  65% (142/217)   [Kremote: Counting objects:  66% (144/217)   [Kremote: Counting objects:  67% (146/217)   [Kremote: Counting objects:  68% (148/217)   [Kremote: Counting objects:  69% (150/217)   [Kremote: Counting objects:  70% (152/217)   [Kremote: Counting objects:  71% (155/217)   [Kremote: Counting objects:  72% (157/217)   [Kremote: Counting objects:  73% (159/217)   [Kremote: Counting objects:  74% (161/217)   [Kremote: Counting objects:  75% (163/217)   [Kremote: Counting objects:  76% (165/217)   [Kremote: Counting objects:  77% (168/217)   [Kremote: Counting objects:  78% (170/217)   [Kremote: Counting objects:  79% (172/217)   [Kremote: Counting objects:  80% (174/217)   [Kremote: Counting objects:  81% (176/217)   [Kremote: Counting objects:  82% (178/217)   [Kremote: Counting objects:  83% (181/217)   [Kremote: Counting objects:  84% (183/217)   [Kremote: Counting objects:  85% (185/217)   [Kremote: Counting objects:  86% (187/217)   [Kremote: Counting objects:  87% (189/217)   [Kremote: Counting objects:  88% (191/217)   [Kremote: Counting objects:  89% (194/217)   [Kremote: Counting objects:  90% (196/217)   [Kremote: Counting objects:  91% (198/217)   [Kremote: Counting objects:  92% (200/217)   [Kremote: Counting objects:  93% (202/217)   [Kremote: Counting objects:  94% (204/217)   [Kremote: Counting objects:  95% (207/217)   [Kremote: Counting objects:  96% (209/217)   [Kremote: Counting objects:  97% (211/217)   [Kremote: Counting objects:  98% (213/217)   [Kremote: Counting objects:  99% (215/217)   [Kremote: Counting objects: 100% (217/217)   [Kremote: Counting objects: 100% (217/217), done.[K
remote: Compressing objects:   0% (1/208)   [Kremote: Compressing objects:   1% (3/208)   [Kremote: Compressing objects:   2% (5/208)   [Kremote: Compressing objects:   3% (7/208)   [Kremote: Compressing objects:   4% (9/208)   [Kremote: Compressing objects:   5% (11/208)   [Kremote: Compressing objects:   6% (13/208)   [Kremote: Compressing objects:   7% (15/208)   [Kremote: Compressing objects:   8% (17/208)   [Kremote: Compressing objects:   9% (19/208)   [Kremote: Compressing objects:  10% (21/208)   [Kremote: Compressing objects:  11% (23/208)   [Kremote: Compressing objects:  12% (25/208)   [Kremote: Compressing objects:  13% (28/208)   [Kremote: Compressing objects:  14% (30/208)   [Kremote: Compressing objects:  15% (32/208)   [Kremote: Compressing objects:  16% (34/208)   [Kremote: Compressing objects:  17% (36/208)   [Kremote: Compressing objects:  18% (38/208)   [Kremote: Compressing objects:  19% (40/208)   [Kremote: Compressing objects:  20% (42/208)   [Kremote: Compressing objects:  21% (44/208)   [Kremote: Compressing objects:  22% (46/208)   [Kremote: Compressing objects:  23% (48/208)   [Kremote: Compressing objects:  24% (50/208)   [Kremote: Compressing objects:  25% (52/208)   [Kremote: Compressing objects:  26% (55/208)   [Kremote: Compressing objects:  27% (57/208)   [Kremote: Compressing objects:  28% (59/208)   [Kremote: Compressing objects:  29% (61/208)   [Kremote: Compressing objects:  30% (63/208)   [Kremote: Compressing objects:  31% (65/208)   [Kremote: Compressing objects:  32% (67/208)   [Kremote: Compressing objects:  33% (69/208)   [Kremote: Compressing objects:  34% (71/208)   [Kremote: Compressing objects:  35% (73/208)   [Kremote: Compressing objects:  36% (75/208)   [Kremote: Compressing objects:  37% (77/208)   [Kremote: Compressing objects:  38% (80/208)   [Kremote: Compressing objects:  39% (82/208)   [Kremote: Compressing objects:  40% (84/208)   [Kremote: Compressing objects:  41% (86/208)   [Kremote: Compressing objects:  42% (88/208)   [Kremote: Compressing objects:  43% (90/208)   [Kremote: Compressing objects:  44% (92/208)   [Kremote: Compressing objects:  45% (94/208)   [Kremote: Compressing objects:  46% (96/208)   [Kremote: Compressing objects:  47% (98/208)   [Kremote: Compressing objects:  48% (100/208)   [Kremote: Compressing objects:  49% (102/208)   [Kremote: Compressing objects:  50% (104/208)   [Kremote: Compressing objects:  51% (107/208)   [Kremote: Compressing objects:  52% (109/208)   [Kremote: Compressing objects:  53% (111/208)   [Kremote: Compressing objects:  54% (113/208)   [Kremote: Compressing objects:  55% (115/208)   [Kremote: Compressing objects:  56% (117/208)   [Kremote: Compressing objects:  57% (119/208)   [Kremote: Compressing objects:  58% (121/208)   [Kremote: Compressing objects:  59% (123/208)   [Kremote: Compressing objects:  60% (125/208)   [Kremote: Compressing objects:  61% (127/208)   [Kremote: Compressing objects:  62% (129/208)   [Kremote: Compressing objects:  63% (132/208)   [Kremote: Compressing objects:  64% (134/208)   [Kremote: Compressing objects:  65% (136/208)   [Kremote: Compressing objects:  66% (138/208)   [Kremote: Compressing objects:  67% (140/208)   [Kremote: Compressing objects:  68% (142/208)   [Kremote: Compressing objects:  69% (144/208)   [Kremote: Compressing objects:  70% (146/208)   [Kremote: Compressing objects:  71% (148/208)   [Kremote: Compressing objects:  72% (150/208)   [Kremote: Compressing objects:  73% (152/208)   [Kremote: Compressing objects:  74% (154/208)   [Kremote: Compressing objects:  75% (156/208)   [Kremote: Compressing objects:  76% (159/208)   [Kremote: Compressing objects:  77% (161/208)   [Kremote: Compressing objects:  78% (163/208)   [Kremote: Compressing objects:  79% (165/208)   [Kremote: Compressing objects:  80% (167/208)   [Kremote: Compressing objects:  81% (169/208)   [Kremote: Compressing objects:  82% (171/208)   [Kremote: Compressing objects:  83% (173/208)   [Kremote: Compressing objects:  84% (175/208)   [Kremote: Compressing objects:  85% (177/208)   [Kremote: Compressing objects:  86% (179/208)   [Kremote: Compressing objects:  87% (181/208)   [Kremote: Compressing objects:  88% (184/208)   [Kremote: Compressing objects:  89% (186/208)   [Kremote: Compressing objects:  90% (188/208)   [Kremote: Compressing objects:  91% (190/208)   [Kremote: Compressing objects:  92% (192/208)   [Kremote: Compressing objects:  93% (194/208)   [Kremote: Compressing objects:  94% (196/208)   [Kremote: Compressing objects:  95% (198/208)   [Kremote: Compressing objects:  96% (200/208)   [Kremote: Compressing objects:  97% (202/208)   [Kremote: Compressing objects:  98% (204/208)   [Kremote: Compressing objects:  99% (206/208)   [Kremote: Compressing objects: 100% (208/208)   [Kremote: Compressing objects: 100% (208/208), done.[K
Receiving objects:   0% (1/217)   Receiving objects:   1% (3/217)   Receiving objects:   2% (5/217)   Receiving objects:   3% (7/217)   Receiving objects:   4% (9/217)   Receiving objects:   5% (11/217)   Receiving objects:   6% (14/217)   Receiving objects:   7% (16/217)   Receiving objects:   8% (18/217)   Receiving objects:   9% (20/217)   Receiving objects:  10% (22/217)   Receiving objects:  11% (24/217)   Receiving objects:  12% (27/217)   Receiving objects:  13% (29/217)   Receiving objects:  14% (31/217)   Receiving objects:  15% (33/217)   Receiving objects:  16% (35/217)   Receiving objects:  17% (37/217)   Receiving objects:  18% (40/217)   Receiving objects:  19% (42/217)   Receiving objects:  20% (44/217)   Receiving objects:  21% (46/217)   Receiving objects:  22% (48/217)   Receiving objects:  23% (50/217)   Receiving objects:  24% (53/217)   Receiving objects:  25% (55/217)   Receiving objects:  26% (57/217)   Receiving objects:  27% (59/217)   Receiving objects:  28% (61/217)   Receiving objects:  29% (63/217)   Receiving objects:  30% (66/217)   Receiving objects:  31% (68/217)   Receiving objects:  32% (70/217)   Receiving objects:  33% (72/217)   Receiving objects:  34% (74/217)   Receiving objects:  35% (76/217)   Receiving objects:  36% (79/217)   Receiving objects:  37% (81/217)   Receiving objects:  38% (83/217)   Receiving objects:  39% (85/217)   Receiving objects:  40% (87/217)   Receiving objects:  41% (89/217)   Receiving objects:  42% (92/217)   Receiving objects:  43% (94/217)   Receiving objects:  44% (96/217)   Receiving objects:  45% (98/217)   Receiving objects:  46% (100/217)   Receiving objects:  47% (102/217)   Receiving objects:  48% (105/217)   Receiving objects:  49% (107/217)   Receiving objects:  50% (109/217)   Receiving objects:  51% (111/217)   Receiving objects:  52% (113/217)   Receiving objects:  53% (116/217)   Receiving objects:  54% (118/217)   Receiving objects:  55% (120/217)   Receiving objects:  56% (122/217)   Receiving objects:  57% (124/217)   Receiving objects:  58% (126/217), 2.89 MiB | 5.77 MiB/s   Receiving objects:  59% (129/217), 2.89 MiB | 5.77 MiB/s   Receiving objects:  60% (131/217), 2.89 MiB | 5.77 MiB/s   Receiving objects:  61% (133/217), 2.89 MiB | 5.77 MiB/s   Receiving objects:  62% (135/217), 2.89 MiB | 5.77 MiB/s   Receiving objects:  63% (137/217), 2.89 MiB | 5.77 MiB/s   Receiving objects:  64% (139/217), 2.89 MiB | 5.77 MiB/s   Receiving objects:  65% (142/217), 2.89 MiB | 5.77 MiB/s   Receiving objects:  66% (144/217), 2.89 MiB | 5.77 MiB/s   Receiving objects:  67% (146/217), 2.89 MiB | 5.77 MiB/s   Receiving objects:  68% (148/217), 2.89 MiB | 5.77 MiB/s   Receiving objects:  69% (150/217), 2.89 MiB | 5.77 MiB/s   Receiving objects:  70% (152/217), 2.89 MiB | 5.77 MiB/s   Receiving objects:  71% (155/217), 2.89 MiB | 5.77 MiB/s   Receiving objects:  72% (157/217), 2.89 MiB | 5.77 MiB/s   Receiving objects:  73% (159/217), 2.89 MiB | 5.77 MiB/s   Receiving objects:  74% (161/217), 2.89 MiB | 5.77 MiB/s   Receiving objects:  75% (163/217), 2.89 MiB | 5.77 MiB/s   Receiving objects:  76% (165/217), 2.89 MiB | 5.77 MiB/s   Receiving objects:  77% (168/217), 2.89 MiB | 5.77 MiB/s   Receiving objects:  78% (170/217), 2.89 MiB | 5.77 MiB/s   Receiving objects:  79% (172/217), 2.89 MiB | 5.77 MiB/s   remote: Total 217 (delta 92), reused 0 (delta 0)[K
Receiving objects:  80% (174/217), 2.89 MiB | 5.77 MiB/s   Receiving objects:  81% (176/217), 2.89 MiB | 5.77 MiB/s   Receiving objects:  82% (178/217), 2.89 MiB | 5.77 MiB/s   Receiving objects:  83% (181/217), 2.89 MiB | 5.77 MiB/s   Receiving objects:  84% (183/217), 2.89 MiB | 5.77 MiB/s   Receiving objects:  85% (185/217), 2.89 MiB | 5.77 MiB/s   Receiving objects:  86% (187/217), 2.89 MiB | 5.77 MiB/s   Receiving objects:  87% (189/217), 2.89 MiB | 5.77 MiB/s   Receiving objects:  88% (191/217), 2.89 MiB | 5.77 MiB/s   Receiving objects:  89% (194/217), 2.89 MiB | 5.77 MiB/s   Receiving objects:  90% (196/217), 2.89 MiB | 5.77 MiB/s   Receiving objects:  91% (198/217), 2.89 MiB | 5.77 MiB/s   Receiving objects:  92% (200/217), 2.89 MiB | 5.77 MiB/s   Receiving objects:  93% (202/217), 2.89 MiB | 5.77 MiB/s   Receiving objects:  94% (204/217), 2.89 MiB | 5.77 MiB/s   Receiving objects:  95% (207/217), 2.89 MiB | 5.77 MiB/s   Receiving objects:  96% (209/217), 2.89 MiB | 5.77 MiB/s   Receiving objects:  97% (211/217), 2.89 MiB | 5.77 MiB/s   Receiving objects:  98% (213/217), 2.89 MiB | 5.77 MiB/s   Receiving objects:  99% (215/217), 2.89 MiB | 5.77 MiB/s   Receiving objects: 100% (217/217), 2.89 MiB | 5.77 MiB/s   Receiving objects: 100% (217/217), 3.07 MiB | 5.95 MiB/s, done.
Resolving deltas:   0% (0/92)   Resolving deltas:   2% (2/92)   Resolving deltas:   3% (3/92)   Resolving deltas:   4% (4/92)   Resolving deltas:   5% (5/92)   Resolving deltas:  10% (10/92)   Resolving deltas:  16% (15/92)   Resolving deltas:  17% (16/92)   Resolving deltas:  29% (27/92)   Resolving deltas:  33% (31/92)   Resolving deltas:  34% (32/92)   Resolving deltas:  35% (33/92)   Resolving deltas:  36% (34/92)   Resolving deltas:  42% (39/92)   Resolving deltas:  43% (40/92)   Resolving deltas:  44% (41/92)   Resolving deltas:  47% (44/92)   Resolving deltas:  51% (47/92)   Resolving deltas:  52% (48/92)   Resolving deltas:  53% (49/92)   Resolving deltas:  55% (51/92)   Resolving deltas:  56% (52/92)   Resolving deltas:  58% (54/92)   Resolving deltas:  59% (55/92)   Resolving deltas:  63% (58/92)   Resolving deltas:  65% (60/92)   Resolving deltas:  72% (67/92)   Resolving deltas:  75% (69/92)   Resolving deltas:  81% (75/92)   Resolving deltas:  82% (76/92)   Resolving deltas:  83% (77/92)   Resolving deltas:  84% (78/92)   Resolving deltas:  85% (79/92)   Resolving deltas:  88% (81/92)   Resolving deltas:  97% (90/92)   Resolving deltas: 100% (92/92)   Resolving deltas: 100% (92/92), done.
rsaptar2@g7-28:~/projects$ cd ~
rsaptar2@g7-28:~$ ln -s projects/cs240/
rsaptar2@g7-28:~$ ls
bomb42	Desktop    git-repos  intcheck.c  maincheeck.c	projects   tmp
cs220	Documents  i220a      lab3	  Music		Public	   Videos
cs240	Downloads  intcheck   maincheck   Pictures	Templates
rsaptar2@g7-28:~$ cd projects/
rsaptar2@g7-28:~/projects$ ls
cs240
rsaptar2@g7-28:~/projects$ ls
cs240
rsaptar2@g7-28:~/projects$ cd cs240/
rsaptar2@g7-28:~/projects/cs240$ ls
announce.html  assets  exams-quizzes  hws	  index.umt  misc      README.md  umt.make
announce.umt   docs    exercises      index.html  labs	     projects  slides
rsaptar2@g7-28:~/projects/cs240$ cd ..
rsaptar2@g7-28:~/projects$ cd ..
rsaptar2@g7-28:~$ cd ~/git-repos/cs240
bash: cd: /home/rsaptar2/git-repos/cs240: No such file or directory
rsaptar2@g7-28:~$ cd c[K[K[K[Kcs por[Ke[K[Ke[Krojects/cs20[K40/
bash: cs: command not found
rsaptar2@g7-28:~$ cs projects/cs240/[C[1P projects/cs240/d projects/cs240/' projects/cs240/[1P projects/cs240/
rsaptar2@g7-28:~/projects/cs240$ git pull
/home/rsaptar2/.bashrc: line 1: /home/umrigar/cs240/bin/student.rc: Permission denied
Already up to date.
rsaptar2@g7-28:~/projects/cs240$ $ EDITOR=YOUR_FAVORITE_EDITOR crontab -e[1P[1P[1P[1P[1P[1P[1P[1P[1P[1P[1P[1P[1P[1P[1P[1P[1P[1P[1P[1P[1@n[1@a[1@n[1@o
bash: $: command not found
rsaptar2@g7-28:~/projects/cs240$ $ EDITOR=nano crontab -e[Kcd
rsaptar2@g7-28:~$ ls
bomb42	Desktop    git-repos  intcheck.c  maincheeck.c	projects   tmp
cs220	Documents  i220a      lab3	  Music		Public	   Videos
cs240	Downloads  intcheck   maincheck   Pictures	Templates
rsaptar2@g7-28:~$ cd git-repos/
rsaptar2@g7-28:~/git-repos$ ls
cs220  i220a  lab8.git
rsaptar2@g7-28:~/git-repos$ cs240
bash: cs240: command not found
rsaptar2@g7-28:~/git-repos$ cd ..
rsaptar2@g7-28:~$ ls
bomb42	Desktop    git-repos  intcheck.c  maincheeck.c	projects   tmp
cs220	Documents  i220a      lab3	  Music		Public	   Videos
cs240	Downloads  intcheck   maincheck   Pictures	Templates
rsaptar2@g7-28:~$ cd pe=[K[Krojects/
rsaptar2@g7-28:~/projects$ ls
cs240
rsaptar2@g7-28:~/projects$ cd \[K
rsaptar2@g7-28:~$ cd cs240/
rsaptar2@g7-28:~/cs240$ ls
announce.html  assets  exams-quizzes  hws	  index.umt  misc      README.md  umt.make
announce.umt   docs    exercises      index.html  labs	     projects  slides
rsaptar2@g7-28:~/cs240$ git pull
/home/rsaptar2/.bashrc: line 1: /home/umrigar/cs240/bin/student.rc: Permission denied
Already up to date.
rsaptar2@g7-28:~/cs240$ git pullls[Kcd cs240/[K[1Plscd projects/ls[Kcd ..s240[3Plscd git-repos/ls[Kcd$ EDITOR=nano crontab -e[C[C[1P
bash: =nano: command not found
rsaptar2@g7-28:~/cs240$ $EDITOR=nano crontab -e[C[1P
crontabs: No such file or directory
rsaptar2@g7-28:~/cs240$ crontab 
crontabs: No such file or directory
rsaptar2@g7-28:~/cs240$ BB * * * * cd ~/git-repos/cs240; git pull > /dev/null[C[C[C[C[C[C[C[C[C[C[C[C[C[C[C[C[C[C[C[C[C[C[C[C[C[1P[1P[1@2[1@3[C[C[C[C[C[C[C[C[C[C[C[C[C[C[C[C[C[C[C[C[C[C[C[C[C[C[C[C[C[C[C[C[C[C[C[C[C[C[C[C[C[C[C[C[C[C[C[C[C[C[C[C[C[K[K[K[K[K[K[K[K[K[K[K[K[K[K[K[K[K[K[K[K[K[K[K[K[K[K[K[K[K[K[K[K[K[K[K[K[K[K[K[K[K[K[K[K[K[K[K[K[K[K[K[K[Kcd cs240
bash: cd: cs240: No such file or directory
rsaptar2@g7-28:~/cs240$ fir [K[K[K[Kgit log -5
[?1h=[33mcommit 9e96ef3a13ea620d96e7b2a0bc1462d227d670d2[m[33m ([m[1;36mHEAD -> [m[1;32mmaster[m[33m, [m[1;31morigin/master[m[33m, [m[1;31morigin/HEAD[m[33m)[m[m
Author: zerksis umrigar <umrigar@binghamton.edu>[m
Date:   Thu Jan 23 14:14:16 2020 -0500[m
[m
    trivial changes[m
[m
[33mcommit 8d6dd352014a55daef6e897d54d5bc33650ca50f[m[m
Author: zerksis umrigar <umrigar@binghamton.edu>[m
Date:   Thu Jan 23 13:40:58 2020 -0500[m
[m
    added abet requirements to syllabus[m
[m
[33mcommit 24681db1cd13af495d8c1511f77123e5d91ed1dd[m[m
Author: zerksis umrigar <umrigar@binghamton.edu>[m
Date:   Thu Jan 23 08:17:24 2020 -0500[m
[m
    added grading guidelines[m
[m
[33mcommit b28da302c11169a1a76ebab0b25099bb8241c34b[m[m
Author: zerksis umrigar <umrigar@binghamton.edu>[m
Date:   Wed Jan 22 22:01:19 2020 -0500[m
[m
    update syllabus and lab0 with TA info[m
[m
[33mcommit 8d242d7ee425f9c85f96bb6923179e7390091716[m[m
Author: zerksis umrigar <umrigar@binghamton.edu>[m
Date:   Wed Jan 22 12:34:04 2020 -0500[m
[m
    tweaks[m
[K[?1l>rsaptar2@g7-28:~/cs240$ git log -3 labs/lab0.umt
fatal: ambiguous argument 'labs/lab0.umt': unknown revision or path not in the working tree.
Use '--' to separate paths from revisions, like this:
'git <command> [<revision>...] -- [<file>...]'
rsaptar2@g7-28:~/cs240$ s[Kl
bash: l: command not found
rsaptar2@g7-28:~/cs240$ ls
announce.html  assets  exams-quizzes  hws	  index.umt  misc      README.md  umt.make
announce.umt   docs    exercises      index.html  labs	     projects  slides
rsaptar2@g7-28:~/cs240$ ls[Kgit log -3 labs/lab0.umt[Cl[K[Kcd projects/
rsaptar2@g7-28:~/cs240/projects$ git clone https://github.com/rsaptar2/i240b/settings/access
Cloning into 'access'...
remote: Not Found
fatal: repository 'https://github.com/rsaptar2/i240b/settings/access/' not found
rsaptar2@g7-28:~/cs240/projects$ git clone https://github.com/rsaptar2/i240b
Cloning into 'i240b'...
Username for 'https://github.com': rsaptar2
Password for 'https://rsaptar2@github.com': 
remote: Enumerating objects: 3, done.[K
remote: Counting objects:  33% (1/3)[Kremote: Counting objects:  66% (2/3)[Kremote: Counting objects: 100% (3/3)[Kremote: Counting objects: 100% (3/3), done.[K
remote: Compressing objects:  50% (1/2)[Kremote: Compressing objects: 100% (2/2)[Kremote: Compressing objects: 100% (2/2), done.[K
remote: Total 3 (delta 0), reused 0 (delta 0), pack-reused 0[K
Unpacking objects:  33% (1/3)   Unpacking objects:  66% (2/3)   Unpacking objects: 100% (3/3)   Unpacking objects: 100% (3/3), done.
rsaptar2@g7-28:~/cs240/projects$ cd i
i240b/      index.html  index.umt   
rsaptar2@g7-28:~/cs240/projects$ cd i240b/
rsaptar2@g7-28:~/cs240/projects/i240b$ ls
rsaptar2@g7-28:~/cs240/projects/i240b$ git [K[K[K[Kmkdir submit
rsaptar2@g7-28:~/cs240/projects/i240b$ git add .
rsaptar2@g7-28:~/cs240/projects/i240b$ git push
Username for 'https://github.com': rsaptar2
Password for 'https://rsaptar2@github.com': 
remote: Invalid username or password.
fatal: Authentication failed for 'https://github.com/rsaptar2/i240b/'
rsaptar2@g7-28:~/cs240/projects/i240b$ git push
Username for 'https://github.com': rsaptar2
Password for 'https://rsaptar2@github.com': 
Everything up-to-date
rsaptar2@g7-28:~/cs240/projects/i240b$ cd ..
rsaptar2@g7-28:~/cs240/projects$ cd i240b/
rsaptar2@g7-28:~/cs240/projects/i240b$ ls
submit
rsaptar2@g7-28:~/cs240/projects/i240b$ fi[K[Kgit commit
On branch master
Your branch is up to date with 'origin/master'.

nothing to commit, working tree clean
rsaptar2@g7-28:~/cs240/projects/i240b$ git add .
rsaptar2@g7-28:~/cs240/projects/i240b$ git commiy[Kt
On branch master
Your branch is up to date with 'origin/master'.

nothing to commit, working tree clean
rsaptar2@g7-28:~/cs240/projects/i240b$ \[Kls
submit
rsaptar2@g7-28:~/cs240/projects/i240b$ git add ,[K.
rsaptar2@g7-28:~/cs240/projects/i240b$ ln -s ~/or[K[Kprojects/i240b
rsaptar2@g7-28:~/cs240/projects/i240b$ cd ~/i240X[Kb
bash: cd: /home/rsaptar2/i240b: No such file or directory
rsaptar2@g7-28:~/cs240/projects/i240b$ ls
i240b  submit
rsaptar2@g7-28:~/cs240/projects/i240b$ lscd ~/i240b [K[K[K[K[K[K[K[K[K[K[Kln -s ~/projects/i240b[13Pgit add .ls[Kgit commit[1Padd .commit[1Padd .commitls[Kgit add .ln -s ~/projects/i240b[Kln -s ~/projects/i240b ~
rsaptar2@g7-28:~/cs240/projects/i240b$ cd
rsaptar2@g7-28:~$ ls
bomb42	Desktop    git-repos  intcheck	  maincheck	Pictures  Templates
cs220	Documents  i220a      intcheck.c  maincheeck.c	projects  tmp
cs240	Downloads  i240b      lab3	  Music		Public	  Videos
rsaptar2@g7-28:~$ cd i2
i220a/ i240b  
rsaptar2@g7-28:~$ cd i2
i220a/ i240b  
rsaptar2@g7-28:~$ cd i220a[K[K[K40b 
bash: cd: i240b: No such file or directory
rsaptar2@g7-28:~$ ls[K[Kks
bash: ks: command not found
rsaptar2@g7-28:~$ ks[C[K[Kl[Kcd i2[K
i220a/      i240b       intcheck    intcheck.c  
rsaptar2@g7-28:~$ cd i
i220a/      i240b       intcheck    intcheck.c  
rsaptar2@g7-28:~$ cd i
i220a/      i240b       intcheck    intcheck.c  
rsaptar2@g7-28:~$ cd i4[K22[K
i220a/ i240b  
rsaptar2@g7-28:~$ cd i2
i220a/ i240b  
rsaptar2@g7-28:~$ cd i2[K[K[K[K[Kcd i240b ls[Kcdln -s ~/projects/i240b ~[C[C[C[C[C[C[C[C[C[C[C[C[C[C[C[C[C[C[Cs[K[Kln -s ~/projects/i240b[K[K[K[K[K[K[K[K[K[K[K[K[K[K[K[K[K[K[K[K[K[Kcd o[Kprojects/
rsaptar2@g7-28:~/projects$ ls
cs240
rsaptar2@g7-28:~/projects$ cd cs240/
rsaptar2@g7-28:~/projects/cs240$ ls
announce.html  assets  exams-quizzes  hws	  index.umt  misc      README.md  umt.make
announce.umt   docs    exercises      index.html  labs	     projects  slides
rsaptar2@g7-28:~/projects/cs240$ cd ..
rsaptar2@g7-28:~/projects$ cd [K
rsaptar2@g7-28:~$ ln -s ~/projects/i240b .
ln: failed to create symbolic link './i240b': File exists
rsaptar2@g7-28:~$ cd [K[K[Kcat i240b 
cat: i240b: No such file or directory
rsaptar2@g7-28:~$ ls
bomb42	Desktop    git-repos  intcheck	  maincheck	Pictures  Templates
cs220	Documents  i220a      intcheck.c  maincheeck.c	projects  tmp
cs240	Downloads  i240b      lab3	  Music		Public	  Videos
rsaptar2@g7-28:~$ cd i240b 
bash: cd: i240b: No such file or directory
rsaptar2@g7-28:~$ rm -r i240b 
rsaptar2@g7-28:~$ rm -r i240b [3Pcd[C[C[C[C[C[C[Cls[Kcat i240b ln -s ~/projects/i240b .
rsaptar2@g7-28:~$ cd i240b 
bash: cd: i240b: No such file or directory
rsaptar2@g7-28:~$ cd [K[K[Kcd i240b
bash: cd: i240b: No such file or directory
rsaptar2@g7-28:~$ ls
bomb42	Desktop    git-repos  intcheck	  maincheck	Pictures  Templates
cs220	Documents  i220a      intcheck.c  maincheeck.c	projects  tmp
cs240	Downloads  i240b      lab3	  Music		Public	  Videos
rsaptar2@g7-28:~$ cd ./i240b 
bash: cd: ./i240b: No such file or directory
rsaptar2@g7-28:~$ cd ./i240b ls[Kcd i240b ln -s ~/projects/i240b .[C[C[C[C[C[C[C[C[C[C[C[C[C[C[C[C[C[C[12Prm -r i240b ln -s ~/projects/i240b .[C[C[C[C[C[C[C[C[C[C[C[C[C[C[C[C[C[C[15Pcd i240b [Kls[Kcd ./i240b [Kcd ./i240b [1P [1P [1P [1P [1P [1P [1P [K[1P [1P m r [C - r f [C i 2 4 0b 
bash: mr: command not found
rsaptar2@g7-28:~$ mr -rf i240b [1P[1P[1@r
bash: r: command not found
rsaptar2@g7-28:~$ r -rf i240b [1@m
rsaptar2@g7-28:~$ rm -rf i240b [1P[C[C[C[C[C[C[C[C[C[C[C[1@m[C[C[C[C[C[C[C[C[C[C[C[Krm -rf i240b [Kln -s ~/projects/i240?[Kb
rsaptar2@g7-28:~$ ln -s ~/projects/i240b[C[C[C[C[C[C[C[C[C[C[C[C[C[C[C[C[C[C[Kln -s ~/projects/i240b
ln: failed to create symbolic link './i240b': File exists
rsaptar2@g7-28:~$ ln -s ~/projects/i240b[C[C[C[C[C[C[C[C[C[C[C[C[C[C[C[C[C[C[9Prm -rf i240b [1P[C[C[C[C[C[C[C[C[C[C[C[1@m[C[C[C[C[C[C[C[C[C[C[C[C[2Pcd ./[C[C[C[C[C[Cls[Kcd ./i240b 
bash: cd: ./i240b: No such file or directory
rsaptar2@g7-28:~$ cd ./i240b [Krsaptar2@g7-28:~$ cd ./i240b [Krsaptar2@g7-28:~$ cd ./i240b [Krsaptar2@g7-28:~$ cd ./i240b [Krsaptar2@g7-28:~$ cd ./i240b [K[K[K[K[K[K[K[K[K[K[Kln -s ~/projects/i240b
ln: failed to create symbolic link './i240b': File exists
rsaptar2@g7-28:~$ rm-[K -rf 
.bash_history                    .kde/
.bashrc                          lab3/
bomb42/                          .local/
.cache/                          maincheck
.config/                         maincheeck.c
cs220/                           .mozilla/
cs240/                           Music/
Desktop/                         .nvidia-settings-rc
.dmrc                            Pictures/
Documents/                       .pki/
.dosbox/                         .profile
Downloads/                       projects/
.emacs                           Public/
.emacs.d/                        .ssh/
.forward                         Templates/
git-repos/                       tmp/
.gnome/                          Videos/
.gnupg/                          .viminfo
.gnuplot-wxt                     .w3m/
i220a/                           .Xauthority
i240b/                           .xfce4-session.verbose-log
.ICEauthority                    .xfce4-session.verbose-log.last
intcheck                         .xsession-errors
intcheck.c                       .xsession-errors.old
rsaptar2@g7-28:~$ rm -rf i240b
rsaptar2@g7-28:~$ rm -rf i240bln -s ~/projects/i240b
rsaptar2@g7-28:~$ cd i
i220a/      i240b/      intcheck    intcheck.c  
rsaptar2@g7-28:~$ cd i240b
rsaptar2@g7-28:~/i240b$ ls
rsaptar2@g7-28:~/i240b$ cd i2=[K[K[K[Kcd tmp[K[K[K[K[K[K tmp
bash: cd: tmp: No such file or directory
rsaptar2@g7-28:~/i240b$ cd
rsaptar2@g7-28:~$ cd tmp
rsaptar2@g7-28:~/tmp$ ls
lab0  lab0.log
rsaptar2@g7-28:~/tmp$ cd lab0
rsaptar2@g7-28:~/tmp/lab0$ ls
rsaptar2@g7-28:~/tmp/lab0$ cd ..
rsaptar2@g7-28:~/tmp$ cd ..
rsaptar2@g7-28:~$ cd cs240
rsaptar2@g7-28:~/cs240$ sl[K[Kls
announce.html  assets  exams-quizzes  hws	  index.umt  misc      README.md  umt.make
announce.umt   docs    exercises      index.html  labs	     projects  slides
rsaptar2@g7-28:~/cs240$ cd ..
rsaptar2@g7-28:~$ ls
bomb42	Desktop    git-repos  intcheck	  maincheck	Pictures  Templates
cs220	Documents  i220a      intcheck.c  maincheeck.c	projects  tmp
cs240	Downloads  i240b      lab3	  Music		Public	  Videos
rsaptar2@g7-28:~$ cd i240b
rsaptar2@g7-28:~/i240b$ ls
rsaptar2@g7-28:~/i240b$ mkdir submit
rsaptar2@g7-28:~/i240b$ cd submit/
rsaptar2@g7-28:~/i240b/submit$ mv ![K!/[K[K~/m[Ktmp/lab0/
mv: missing destination file operand after '/home/rsaptar2/tmp/lab0/'
Try 'mv --help' for more information.
rsaptar2@g7-28:~/i240b/submit$ mv ~/tmp/lab0/[C[C .
rsaptar2@g7-28:~/i240b/submit$ ls
lab0
rsaptar2@g7-28:~/i240b/submit$ cd lab0/
rsaptar2@g7-28:~/i240b/submit/lab0$ ls
rsaptar2@g7-28:~/i240b/submit/lab0$ lscd lab0/ls[Kmv ~/tmp/lab0/ .[1P .. .l .o .g .
rsaptar2@g7-28:~/i240b/submit/lab0$ ls
lab0.log
rsaptar2@g7-28:~/i240b/submit/lab0$ exit

Script done on 2020-01-23 17:59:59-05:00 [COMMAND_EXIT_CODE="0"]
