Script started on 2020-02-20 12:40:26-05:00 [TERM="xterm-256color" TTY="/dev/pts/1" COLUMNS="80" LINES="24"]
bash: /home/umrigar/cs240/bin/student.rc: Permission denied
rsaptar2@q22-23:/import/linux/home1/rsaptar2/i240b/work/lab4/exercises$ ls
1-point  2-shape  3-expr  lab4.log  Makefile
rsaptar2@q22-23:/import/linux/home1/rsaptar2/i240b/work/lab4/exercises$ [Krsaptar2@q22-23:/import/linux/home1/rsaptar2/i240b/work/lab4/exercises$ [Krsaptar2@q22-23:/import/linux/home1/rsaptar2/i240b/work/lab4/exercises$ [Krsaptar2@q22-23:/import/linux/home1/rsaptar2/i240b/work/lab4/exercises$ [Krsaptar2@q22-23:/import/linux/home1/rsaptar2/i240b/work/lab4/exercises$ [Krsaptar2@q22-23:/import/linux/home1/rsaptar2/i240b/work/lab4/exercises$ ^C
rsaptar2@q22-23:/import/linux/home1/rsaptar2/i240b/work/lab4/exercises$ ^C
rsaptar2@q22-23:/import/linux/home1/rsaptar2/i240b/work/lab4/exercises$ ^C
rsaptar2@q22-23:/import/linux/home1/rsaptar2/i240b/work/lab4/exercises$ alias evince='evince 2>/dev/null'[C
rsaptar2@q22-23:/import/linux/home1/rsaptar2/i240b/work/lab4/exercises$ evince lab4.log [K[K[K[K[K[K[K[K[K../lab4.pdf 
^C
rsaptar2@q22-23:/import/linux/home1/rsaptar2/i240b/work/lab4/exercises$ !! &
evince ../lab4.pdf  &
[1] 20075
rsaptar2@q22-23:/import/linux/home1/rsaptar2/i240b/work/lab4/exercises$ cd 1-point/
rsaptar2@q22-23:/import/linux/home1/rsaptar2/i240b/work/lab4/exercises/1-point$ ls
main.cc  point.cc  point.hh
rsaptar2@q22-23:/import/linux/home1/rsaptar2/i240b/work/lab4/exercises/1-point$ ls [K[K[Kmake -f ../Makefile 
g++ -MT point.o -MMD -MP -MF .deps/point.d -g -Wall -std=c++17 -c point.cc
g++ -MT main.o -MMD -MP -MF .deps/main.d -g -Wall -std=c++17 -c main.cc
g++ point.o main.o -o main
cat </dev/null >.gitignore
echo .deps >.gitignore
for t in main point.o main.o; do echo $t >>.gitignore; done
rsaptar2@q22-23:/import/linux/home1/rsaptar2/i240b/work/lab4/exercises/1-point$ ./
.deps/ main   
rsaptar2@q22-23:/import/linux/home1/rsaptar2/i240b/work/lab4/exercises/1-point$ ./[K[Kls
main  main.cc  main.o  point.cc  point.hh  point.o
rsaptar2@q22-23:/import/linux/home1/rsaptar2/i240b/work/lab4/exercises/1-point$ ./main [K[K[K[K[K[K[Kls -l
total 592
-rwxr-xr-x 1 rsaptar2 rsaptar2 189544 Feb 20 12:45 main
-rw-r--r-- 1 rsaptar2 rsaptar2   1174 Feb 20 12:38 main.cc
-rw-r--r-- 1 rsaptar2 rsaptar2 206504 Feb 20 12:45 main.o
-rw-r--r-- 1 rsaptar2 rsaptar2    533 Feb 20 12:38 point.cc
-rw-r--r-- 1 rsaptar2 rsaptar2    654 Feb 20 12:38 point.hh
-rw-r--r-- 1 rsaptar2 rsaptar2 190640 Feb 20 12:45 point.o
rsaptar2@q22-23:/import/linux/home1/rsaptar2/i240b/work/lab4/exercises/1-point$ ./[K[Kls -l[C[Kal
total 596
drwxr-xr-x 3 rsaptar2 rsaptar2    153 Feb 20 12:45 .
drwxr-xr-x 5 rsaptar2 rsaptar2    101 Feb 20 12:40 ..
drwxr-xr-x 2 rsaptar2 rsaptar2     45 Feb 20 12:45 .deps
-rw-r--r-- 1 rsaptar2 rsaptar2     26 Feb 20 12:45 .gitignore
-rwxr-xr-x 1 rsaptar2 rsaptar2 189544 Feb 20 12:45 main
-rw-r--r-- 1 rsaptar2 rsaptar2   1174 Feb 20 12:38 main.cc
-rw-r--r-- 1 rsaptar2 rsaptar2 206504 Feb 20 12:45 main.o
-rw-r--r-- 1 rsaptar2 rsaptar2    533 Feb 20 12:38 point.cc
-rw-r--r-- 1 rsaptar2 rsaptar2    654 Feb 20 12:38 point.hh
-rw-r--r-- 1 rsaptar2 rsaptar2 190640 Feb 20 12:45 point.o
rsaptar2@q22-23:/import/linux/home1/rsaptar2/i240b/work/lab4/exercises/1-point$ ./main 
distance from (0, 0) to (3, 4) is 5
distance from (0, 0) to (1, 1) is 1.41421
distance from (0, 0) to (4, 5) is 6.40312
distance from (3, 4) to (1, 1) is 3.60555
distance from (3, 4) to (4, 5) is 1.41421
distance from (1, 1) to (4, 5) is 5

sizeof(double) = 8
sizeof(Point) = 16
rsaptar2@q22-23:/import/linux/home1/rsaptar2/i240b/work/lab4/exercises/1-point$ gedit point.cc [A[C[C[C[C[C[C[C[C[C[C[C[C[C[C[C[C[C[C[C[C[C[C[C[C[C[C[C[C[C[C[C[C[C[C[C[C[C[C[C[C[C[C[C[C[C[C[C[C[C[C[C[C[C[C[C[C[C[C[C[C[C[C[C[C[C[C[C[C[C[C[C[C[C[C[C[C[C[C[C[C[C[C[C[C[C[C[C[C[C[C[C[C[C[Kc
^C
rsaptar2@q22-23:/import/linux/home1/rsaptar2/i240b/work/lab4/exercises/1-point$ gedit point.cc [A[C[C[C[C[C[C[C[C[C[C[C[C[C[C[C[C[C[C[C[C[C[C[C[C[C[C[C[C[C[C[C[C[C[C[C[C[C[C[C[C[C[C[C[C[C[C[C[C[C[C[C[C[C[C[C[C[C[C[C[C[C[C[C[C[C[C[C[C[C[C[C[C[C[C[C[C[C[C[C[C[7P./main 
[K[A[C[C[C[C[C[C[C[C[C[C[C[C[C[C[C[C[C[C[C[C[C[C[C[C[C[C[C[C[C[C[C[C[C[C[C[C[C[C[C[C[C[C[C[C[C[C[C[C[C[C[C[C[C[C[C[C[C[C[C[C[C[C[C[C[C[C[C[C[C[C[C[C[C[C[C[C[C[C[C[C[C[C[C[C[C[C[C[1Pls -al[1Pl[Kmake -f ../Makefile [A[C[C[C[C[C[C[C[C[C[C[C[C[C[C[C[C[C[C[C[C[C[C[C[C[C[C[C[C[C[C[C[C[C[C[C[C[C[C[C[C[C[C[C[C[C[C[C[C[C[C[C[C[C[C[C[C[C[C[C[C[C[C[C[C[C[C[C[C[C[C[C[C[C[Cls[K
[K[A[C[C[C[C[C[C[C[C[C[C[C[C[C[C[C[C[C[C[C[C[C[C[C[C[C[C[C[C[C[C[C[C[C[C[C[C[C[C[C[C[C[C[C[C[C[C[C[C[C[C[C[C[C[C[C[C[C[C[C[C[C[C[C[C[C[C[C[C[C[C[C[C[C[C[C[C[C[C[C[C[C[Ccd 1-point/evince ../lab4.pdf  &[K[A[C[C[C[C[C[C[C[C[C[C[C[C[C[C[C[C[C[C[C[C[C[C[C[C[C[C[C[C[C[C[C[C[C[C[C[C[C[C[C[C[C[C[C[C[C[C[C[C[C[C[C[C[C[C[C[C[C[C[C[C[C[C[C[C[C[C[C[C[C[C[C[C[C[C[Calias evince='evince 2>/dev/null'[A[C[C[C[C[C[C[C[C[C[C[C[C[C[C[C[C[C[C[C[C[C[C[C[C[C[C[C[C[C[C[C[C[C[C[C[C[C[C[C[C[C[C[C[C[C[C[C[C[C[C[C[C[C[C[C[C[C[C[C[C[Cevince ../lab4.pdf [K[A[C[C[C[C[C[C[C[C[C[C[C[C[C[C[C[C[C[C[C[C[C[C[C[C[C[C[C[C[C[C[C[C[C[C[C[C[C[C[C[C[C[C[C[C[C[C[C[C[C[C[C[C[C[C[C[C[C[C[C[C[C[C[C[C[C[C[C[C[C[C[C[C[C[C[Calias evince='evince 2>/dev/null'[C[1P 2>/dev/null'[C[C[C[C[C[1P 2>/dev/null'[C[C[C[C[1P 2>/dev/null'[C[C[C[1P 2>/dev/null'[C[C[1P 2>/dev/null'[C[1P 2>/dev/null'[A[C[C[C[C[C[C[C[C[C[C[C[C[C[C[C[C[C[C[C[C[C[C[C[C[C[C[C[C[C[C[C[C[C[C[C[C[C[C[C[C[C[C[C[C[C[C[C[C[C[C[C[C[C[C[C[C[C[C[C[C[C[C[C[C[C[C[C[C[C[C[C[C[C[C[C[C[C[C[C[C[C[C[C[C[C[C[C[C[C[C[C[C[C 2[1P>/dev/null'[A[C[C[C[C[C[C[C[C[C[C[C[C[C[C[C[C[C[C[C[C[C[C[C[C[C[C[C[C[C[C[C[C[C[C[C[C[C[C[C[C[C[C[C[C[C[C[C[C[C[C[C[C[C[C[C[C[C[C[C[C[C[C[C[C[C[C[C[C[C[C[C[C[C[C[C[C[C[C[C[C[C 2>[1P/dev/null'[A[C[C[C[C[C[C[C[C[C[C[C[C[C[C[C[C[C[C[C[C[C[C[C[C[C[C[C[C[C[C[C[C[C[C[C[C[C[C[C[C[C[C[C[C[C[C[C[C[C[C[C[C[C[C[C[C[C[C[C[C[C[C[C[C[C[C[C[C[C[C[C[C[C[C[C[C[C[C[C[C[C 2>/[1Pdev/null'[A[C[C[C[C[C[C[C[C[C[C[C[C[C[C[C[C[C[C[C[C[C[C[C[C[C[C[C[C[C[C[C[C[C[C[C[C[C[C[C[C[C[C[C[C[C[C[C[C[C[C[C[C[C[C[C[C[C[C[C[C[C[C[C[C[C[C[C[C[C[C[C[C[C[C[C[C[C[C[C[C[C 2>/d[1Pev/null'[A[C[C[C[C[C[C[C[C[C[C[C[C[C[C[C[C[C[C[C[C[C[C[C[C[C[C[C[C[C[C[C[C[C[C[C[C[C[C[C[C[C[C[C[C[C[C[C[C[C[C[C[C[C[C[C[C[C[C[C[C[C[C[C[C[C[C[C[C[C[C[C[C[C[C[C[C[C[C[C[C[C 2>/de[1Pv/null'[A[C[C[C[C[C[C[C[C[C[C[C[C[C[C[C[C[C[C[C[C[C[C[C[C[C[C[C[C[C[C[C[C[C[C[C[C[C[C[C[C[C[C[C[C[C[C[C[C[C[C[C[C[C[C[C[C[C[C[C[C[C[C[C[C[C[C[C[C[C[C[C[C[C[C[C[C[C[C[C[C[C 2>/dev[1P/null'[A[C[C[C[C[C[C[C[C[C[C[C[C[C[C[C[C[C[C[C[C[C[C[C[C[C[C[C[C[C[C[C[C[C[C[C[C[C[C[C[C[C[C[C[C[C[C[C[C[C[C[C[C[C[C[C[C[C[C[C[C[C[C[C[C[C[C[C[C[C[C[C[C[C[C[C[C[C[C[C[C[C 2>/dev/[1Pnull'[A[C[C[C[C[C[C[C[C[C[C[C[C[C[C[C[C[C[C[C[C[C[C[C[C[C[C[C[C[C[C[C[C[C[C[C[C[C[C[C[C[C[C[C[C[C[C[C[C[C[C[C[C[C[C[C[C[C[C[C[C[C[C[C[C[C[C[C[C[C[C[C[C[C[C[C[C[C[C[C[C[C 2>/dev/n[1Pull'[A[C[C[C[C[C[C[C[C[C[C[C[C[C[C[C[C[C[C[C[C[C[C[C[C[C[C[C[C[C[C[C[C[C[C[C[C[C[C[C[C[C[C[C[C[C[C[C[C[C[C[C[C[C[C[C[C[C[C[C[C[C[C[C[C[C[C[C[C[C[C[C[C[C[C[C[C[C[C[C[C[Ce 2>/dev/null'[A[C[C[C[C[C[C[C[C[C[C[C[C[C[C[C[C[C[C[C[C[C[C[C[C[C[C[C[C[C[C[C[C[C[C[C[C[C[C[C[C[C[C[C[C[C[C[C[C[C[C[C[C[C[C[C[C[C[C[C[C[C[C[C[C[C[C[C[C[C[C[C[C[C[C[C[C[C[C[C[C[C 2>/dev/n[1Pull'[A[C[C[C[C[C[C[C[C[C[C[C[C[C[C[C[C[C[C[C[C[C[C[C[C[C[C[C[C[C[C[C[C[C[C[C[C[C[C[C[C[C[C[C[C[C[C[C[C[C[C[C[C[C[C[C[C[C[C[C[C[C[C[C[C[C[C[C[C[C[C[C[C[C[C[C[C[C[C[C[C[Cg 2>/dev/null'[A[C[C[C[C[C[C[C[C[C[C[C[C[C[C[C[C[C[C[C[C[C[C[C[C[C[C[C[C[C[C[C[C[C[C[C[C[C[C[C[C[C[C[C[C[C[C[C[C[C[C[C[C[C[C[C[C[C[C[C[C[C[C[C[C[C[C[C[C[C[C[C[C[C[C[C[C[C[C[C[C[Ce 2>/dev/null'[A[C[C[C[C[C[C[C[C[C[C[C[C[C[C[C[C[C[C[C[C[C[C[C[C[C[C[C[C[C[C[C[C[C[C[C[C[C[C[C[C[C[C[C[C[C[C[C[C[C[C[C[C[C[C[C[C[C[C[C[C[C[C[C[C[C[C[C[C[C[C[C[C[C[C[C[C[C[C[C[C[Cd 2>/dev/null'[A[C[C[C[C[C[C[C[C[C[C[C[C[C[C[C[C[C[C[C[C[C[C[C[C[C[C[C[C[C[C[C[C[C[C[C[C[C[C[C[C[C[C[C[C[C[C[C[C[C[C[C[C[C[C[C[C[C[C[C[C[C[C[C[C[C[C[C[C[C[C[C[C[C[C[C[C[C[C[C[C[Ci 2>/dev/null'[A[C[C[C[C[C[C[C[C[C[C[C[C[C[C[C[C[C[C[C[C[C[C[C[C[C[C[C[C[C[C[C[C[C[C[C[C[C[C[C[C[C[C[C[C[C[C[C[C[C[C[C[C[C[C[C[C[C[C[C[C[C[C[C[C[C[C[C[C[C[C[C[C[C[C[C[C[C[C[C[C[Ct 2>/dev/null'[A[C[C[C[C[C[C[C[C[C[C[C[C[C[C[C[C[C[C[C[C[C[C[C[C[C[C[C[C[C[C[C[C[C[C[C[C[C[C[C[C[C[C[C[C[C[C[C[C[C[C[C[C[C[C[C[C[C[C[C[C[C[C[C[C[C[C[C[C[C[C[C[C[C[C[C[C[C[C[C[C[C[C 2>/dev/null'[A[C[C[C[C[C[C[C[C[C[C[C[C[C[C[C[C[C[C[C[C[C[C[C[C[C[C[C[C[C[C[C[C[C[C[C[C[C[C[C[C[C[C[C[C[C[C[C[C[C[C[C[C[C[C[C[C[C[C[C[C[C[C[C[C[C[C[C[C[C[C[C[C[C[C[C[C[C[C[C[C[Cg 2>/dev/null'[A[C[C[C[C[C[C[C[C[C[C[C[C[C[C[C[C[C[C[C[C[C[C[C[C[C[C[C[C[C[C[C[C[C[C[C[C[C[C[C[C[C[C[C[C[C[C[C[C[C[C[C[C[C[C[C[C[C[C[C[C[C[C[C[C[C[C[C[C[C[C[C[C[C[C[C[C[C[C[C[C[Ce 2>/dev/null'd 2>/dev/null'[Ci 2>/dev/null'[C[Ct 2>/dev/null'[C[C[C[A[C[C[C[C[C[C[C[C[C[C[C[C[C[C[C[C[C[C[C[C[C[C[C[C[C[C[C[C[C[C[C[C[C[C[C[C[C[C[C[C[C[C[C[C[C[C[C[C[C[C[C[C[C[C[C[C[C[C[C[C[C[C[C[C[C[C[C[C[C[C[C[C[C[C[C[C[C[C[C[C[C[C[C[C[C[C[C[C[C[C[C[C[C'ge[1@d[A[C[C[C[C[C[C[C[C[C[C[C[C[C[C[C[C[C[C[C[C[C[C[C[C[C[C[C[C[C[C[C[C[C[C[C[C[C[C[C[C[C[C[C[C[C[C[C[C[C[C[C[C[C[C[C[C[C[C[C[C[C[C[C[C[C[C[C[C[C[C[C[C[C[C[C[C[C[C[C[C[C[C[C[C[C[C[C[C[C[C[C

bash: alias: gedit: not found
bash: alias: gedit 2>/dev/null: not found
rsaptar2@q22-23:/import/linux/home1/rsaptar2/i240b/work/lab4/exercises/1-point$ alias gedit 'gedit 2>/dev/null'[A[C[C[C[C[C[C[C[C[C[C[C[C[C[C[C[C[C[C[C[C[C[C[C[C[C[C[C[C[C[C[C[C[C[C[C[C[C[C[C[C[C[C[C[C[C[C[C[C[C[C[C[C[C[C[C[C[C[C[C[C[C[C[Cgedit point.cc [K[A[C[C[C[C[C[C[C[C[C[C[C[C[C[C[C[C[C[C[C[C[C[C[C[C[C[C[C[C[C[C[C[C[C[C[C[C[C[C[C[C[C[C[C[C[C[C[C[C[C[C[C[C[C[C[C[C[C[C[C[C[C[C[C[C[C[C[C[C[C[C[C[C[C[C[C[C[C[C[C[C[7P./main 
[K[A[C[C[C[C[C[C[C[C[C[C[C[C[C[C[C[C[C[C[C[C[C[C[C[C[C[C[C[C[C[C[C[C[C[C[C[C[C[C[C[C[C[C[C[C[C[C[C[C[C[C[C[C[C[C[C[C[C[C[C[C[C[C[C[C[C[C[C[C[C[C[C[C[C[C[C[C[C[C[C[C[C[C[C[C[C[C[C[1Pls -al[1Pl[Kmake -f ../Makefile [A[C[C[C[C[C[C[C[C[C[C[C[C[C[C[C[C[C[C[C[C[C[C[C[C[C[C[C[C[C[C[C[C[C[C[C[C[C[C[C[C[C[C[C[C[C[C[C[C[C[C[C[C[C[C[C[C[C[C[C[C[C[C[C[C[C[C[C[C[C[C[C[C[C[Cls[K
[K[A[C[C[C[C[C[C[C[C[C[C[C[C[C[C[C[C[C[C[C[C[C[C[C[C[C[C[C[C[C[C[C[C[C[C[C[C[C[C[C[C[C[C[C[C[C[C[C[C[C[C[C[C[C[C[C[C[C[C[C[C[C[C[C[C[C[C[C[C[C[C[C[C[C[C[C[C[C[C[C[C[C[Ccd 1-point/evince ../lab4.pdf  &[K[A[C[C[C[C[C[C[C[C[C[C[C[C[C[C[C[C[C[C[C[C[C[C[C[C[C[C[C[C[C[C[C[C[C[C[C[C[C[C[C[C[C[C[C[C[C[C[C[C[C[C[C[C[C[C[C[C[C[C[C[C[C[C[C[C[C[C[C[C[C[C[C[C[C[C[Calias evince='evince 2>/dev/null'[A[C[C[C[C[C[C[C[C[C[C[C[C[C[C[C[C[C[C[C[C[C[C[C[C[C[C[C[C[C[C[C[C[C[C[C[C[C[C[C[C[C[C[C[C[C[C[C[C[C[C[C[C[C[C[C[C[C[C[C[C[Cevince ../lab4.pdf [K &[A[C[C[C[C[C[C[C[C[C[C[C[C[C[C[C[C[C[C[C[C[C[C[C[C[C[C[C[C[C[C[C[C[C[C[C[C[C[C[C[C[C[C[C[C[C[C[C[C[C[C[C[C[C[C[C[C[C[C[C[C[C[C[C[C[C[C[C[C[C[C[C[C[C[3Pcd 1-point/
[K[A[C[C[C[C[C[C[C[C[C[C[C[C[C[C[C[C[C[C[C[C[C[C[C[C[C[C[C[C[C[C[C[C[C[C[C[C[C[C[C[C[C[C[C[C[C[C[C[C[C[C[C[C[C[C[C[C[C[C[C[C[C[C[C[C[C[C[C[C[C[C[C[C[C[C[C[C[C[C[C[C[C[C[C[C[C[C[C[C[C[C[Cls[Kmake -f ../Makefile [A[C[C[C[C[C[C[C[C[C[C[C[C[C[C[C[C[C[C[C[C[C[C[C[C[C[C[C[C[C[C[C[C[C[C[C[C[C[C[C[C[C[C[C[C[C[C[C[C[C[C[C[C[C[C[C[C[C[C[C[C[C[C[C[C[C[C[C[C[C[C[C[C[C[Cls[K
[K[A[C[C[C[C[C[C[C[C[C[C[C[C[C[C[C[C[C[C[C[C[C[C[C[C[C[C[C[C[C[C[C[C[C[C[C[C[C[C[C[C[C[C[C[C[C[C[C[C[C[C[C[C[C[C[C[C[C[C[C[C[C[C[C[C[C[C[C[C[C[C[C[C[C[C[C[C[C[C[C[C[C[C -lal./main gedit point.cc [A[C[C[C[C[C[C[C[C[C[C[C[C[C[C[C[C[C[C[C[C[C[C[C[C[C[C[C[C[C[C[C[C[C[C[C[C[C[C[C[C[C[C[C[C[C[C[C[C[C[C[C[C[C[C[C[C[C[C[C[C[C[C[C[C[C[C[C[C[C[C[C[C[C[C[C[C[C[C[C[Calias gedit 'gedit 2>/dev/null'[A[C[C[C[C[C[C[C[C[C[C[C[C[C[C[C[C[C[C[C[C[C[C[C[C[C[C[C[C[C[C[C[C[C[C[C[C[C[C[C[C[C[C[C[C[C[C[C[C[C[C[C[C[C[C[C[C[C[C[C[C[C[C[C[K
[K[A[C[C[C[C[C[C[C[C[C[C[C[C[C[C[C[C[C[C[C[C[C[C[C[C[C[C[C[C[C[C[C[C[C[C[C[C[C[C[C[C[C[C[C[C[C[C[C[C[C[C[C[C[C[C[C[C[C[C[C[C[C[C[C[C[C[C[C[C[C[C[C[C[C[C[C[C[C[C[C[Calias gedit 'gedit 2>/dev/null'[1P2>/dev/null'[C[C[C[C 2>/dev/null'[C[C[C[C[C[A[C[C[C[C[C[C[C[C[C[C[C[C[C[C[C[C[C[C[C[C[C[C[C[C[C[C[C[C[C[C[C[C[C[C[C[C[C[C[C[C[C[C[C[C[C[C[C[C[C[C[C[C[C[C[C[C[C[C[C[C[C[C[C[C[C[C[C[C[C[C[C[C[C[C[C[C[C[C[C[C[C[C[C[C[C[C[C[C[C[C[C[C[C[C[C'ged[1P[A[C[C[C[C[C[C[C[C[C[C[C[C[C[C[C[C[C[C[C[C[C[C[C[C[C[C[C[C[C[C[C[C[C[C[C[C[C[C[C[C[C[C[C[C[C[C[C[C[C[C[C[C[C[C[C[C[C[C[C[C[C[C[C[C[C[C[C[C[C[C[C[C[C[C[C[C[C[C[C[C[C[C[C[C[C[C[C[C[C[C+'ge[1@d[A[C[C[C[C[C[C[C[C[C[C[C[C[C[C[C[C[C[C[C[C[C[C[C[C[C[C[C[C[C[C[C[C[C[C[C[C[C[C[C[C[C[C[C[C[C[C[C[C[C[C[C[C[C[C[C[C[C[C[C[C[C[C[C[C[C[C[C[C[C[C[C[C[C[C[C[C[C[C[C[C[C[C[C[C[C[C[C[C[C[C'ged[1P[A[C[C[C[C[C[C[C[C[C[C[C[C[C[C[C[C[C[C[C[C[C[C[C[C[C[C[C[C[C[C[C[C[C[C[C[C[C[C[C[C[C[C[C[C[C[C[C[C[C[C[C[C[C[C[C[C[C[C[C[C[C[C[C[C[C[C[C[C[C[C[C[C[C[C[C[C[C[C[C[C[C[C[C[C[C[C[C[C[C[C='ge[1@d[A[C[C[C[C[C[C[C[C[C[C[C[C[C[C[C[C[C[C[C[C[C[C[C[C[C[C[C[C[C[C[C[C[C[C[C[C[C[C[C[C[C[C[C[C[C[C[C[C[C[C[C[C[C[C[C[C[C[C[C[C[C[C[C[C[C[C[C[C[C[C[C[C[C[C[C[C[C[C[C[C[C[C[C[C[C[C[C[C[C[C

rsaptar2@q22-23:/import/linux/home1/rsaptar2/i240b/work/lab4/exercises/1-point$ gedit [K[K[K[K[K[Kls\[K
main  main.cc  main.o  point.cc  point.hh  point.o
rsaptar2@q22-23:/import/linux/home1/rsaptar2/i240b/work/lab4/exercises/1-point$ gedit poui[K[Kint.cc [A[C[C[C[C[C[C[C[C[C[C[C[C[C[C[C[C[C[C[C[C[C[C[C[C[C[C[C[C[C[C[C[C[C[C[C[C[C[C[C[C[C[C[C[C[C[C[C[C[C[C[C[C[C[C[C[C[C[C[C[C[C[C[C[C[C[C[C[C[C[C[C[C[C[C[C[C[C[C[C[C[C[C[C[C[C[C[C[C[C[C[C[C[C[Kc
^C
rsaptar2@q22-23:/import/linux/home1/rsaptar2/i240b/work/lab4/exercises/1-point$ g [K[Kcd ..
rsaptar2@q22-23:/import/linux/home1/rsaptar2/i240b/work/lab4/exercises$ cd ..
rsaptar2@q22-23:/import/linux/home1/rsaptar2/i240b/work/lab4$ cd ..
rsaptar2@q22-23:/import/linux/home1/rsaptar2/i240b/work$ git add .
rsaptar2@q22-23:/import/linux/home1/rsaptar2/i240b/work$ git commiy[Kt
hint: Waiting for your editor to close the file... [?1000h[?2004h[?1049h[22;0;0t[?1h=[?2004h[1;49r[?12h[?12l[22;2t[22;1t[27m[23m[29m[m[H[2J[?25l[49;1H"~/i240b/.git/COMMIT_EDITMSG" 35L, 1327C[2;1Hâ–½[6n[2;1H  [1;1H[>c]10;?]11;?[2;1H[34m# Please enter the commit message for your changes. Lines starting
# with '#' will be ignored, and an empty message aborts the commit.
#
# [m[35mCommitter:[m[34m Rutvik Saptarshi <rsaptar2@cs.binghamton.edu>
#
# On branch [m[35mmaster[m
[34m# Your branch is up to date with '[m[35morigin/master[m[34m'.
#
# [m[35mChanges to be committed:[m
[34m#       [m[32mnew file[m[34m: [m[31m  lab4/exercises/1-point/.gitignore[m
[34m#       [m[32mnew file[m[34m: [m[31m  lab4/exercises/1-point/main.cc[m
[34m#       [m[32mnew file[m[34m: [m[31m  lab4/exercises/1-point/point.cc[m
[34m#       [m[32mnew file[m[34m: [m[31m  lab4/exercises/1-point/point.hh[m
[34m#       [m[32mnew file[m[34m: [m[31m  lab4/exercises/2-shape/main.cc[m
[34m#       [m[32mnew file[m[34m: [m[31m  lab4/exercises/2-shape/point.cc[m
[34m#       [m[32mnew file[m[34m: [m[31m  lab4/exercises/2-shape/point.hh[m
[34m#       [m[32mnew file[m[34m: [m[31m  lab4/exercises/2-shape/shapes.hh[m
[34m#       [m[32mnew file[m[34m: [m[31m  lab4/exercises/2-shape/tostring.cc[m
[34m#       [m[32mnew file[m[34m: [m[31m  lab4/exercises/2-shape/tostring.hh[m
[34m#       [m[32mnew file[m[34m: [m[31m  lab4/exercises/3-expr/expr.cc[m
[34m#       [m[32mnew file[m[34m: [m[31m  lab4/exercises/3-expr/expr.hh[m
[34m#       [m[32mnew file[m[34m: [m[31m  lab4/exercises/3-expr/main.cc[m
[34m#       [m[32mnew file[m[34m: [m[31m  lab4/exercises/3-expr/parse.cc[m
[34m#       [m[32mnew file[m[34m: [m[31m  lab4/exercises/3-expr/parse.hh[m
[34m#       [m[32mnew file[m[34m: [m[31m  lab4/exercises/3-expr/tostring.cc[m
[34m#       [m[32mnew file[m[34m: [m[31m  lab4/exercises/3-expr/tostring.hh[m
[34m#       [m[32mnew file[m[34m: [m[31m  lab4/exercises/Makefile[m
[34m#       [m[32mnew file[m[34m: [m[31m  lab4/exercises/lab4.log[m
[34m#       [m[32mnew file[m[34m: [m[31m  lab4/lab4.html[m
[34m#       [m[32mnew file[m[34m: [m[31m  lab4/lab4.pdf[m
[34m#       [m[32mnew file[m[34m: [m[31m  lab4/lab4.umt[m
[34m#       [m[32mnew file[m[34m: [m[31m  lab4/lab4/hl-fine_blue.css[m
[34m#       [m[32mnew file[m[34m: [m[31m  lab4/lab4/hl-fine_blue.sty[m
[34m#[m
[94m~                                                                                             [37;1H~                                                                                             [38;1H~                                                                                             [39;1H~                                                                                             [40;1H~                                                                                             [41;1H~                                                                                             [42;1H~                                                                                             [43;1H~                                                                                             [44;1H~                                                                                             [45;1H~                                                                                             [46;1H~                                                                                             [47;1H~                                                                                             [48;1H~                                                                                             [m[49;77H1,0-1[9CAll]2;COMMIT_EDITMSG (~/i240b/.git) - VIM]1;COMMIT_EDITMSG[1;1H[?25hP+q436f\P+q6b75\P+q6b64\P+q6b72\P+q6b6c\P+q2332\P+q2334\P+q2569\P+q2a37\P+q6b31\[?1000l[?1006h[?1002h[?1006l[?1002l[?1006h[?1002h[27m[23m[29m[m[H[2J[?25l[2;1H[96m# Please enter the commit message for your changes. Lines starting
# with '#' will be ignored, and an empty message aborts the commit.
#
# [m[38;5;81mCommitter:[m[96m Rutvik Saptarshi <rsaptar2@cs.binghamton.edu>
#
# On branch [m[38;5;224mmaster[m
[96m# Your branch is up to date with '[m[38;5;224morigin/master[m[96m'.
#
# [m[38;5;81mChanges to be committed:[m
[96m#       [m[38;5;121mnew file[m[96m: [m[95m  lab4/exercises/1-point/.gitignore[m
[96m#       [m[38;5;121mnew file[m[96m: [m[95m  lab4/exercises/1-point/main.cc[m
[96m#       [m[38;5;121mnew file[m[96m: [m[95m  lab4/exercises/1-point/point.cc[m
[96m#       [m[38;5;121mnew file[m[96m: [m[95m  lab4/exercises/1-point/point.hh[m
[96m#       [m[38;5;121mnew file[m[96m: [m[95m  lab4/exercises/2-shape/main.cc[m
[96m#       [m[38;5;121mnew file[m[96m: [m[95m  lab4/exercises/2-shape/point.cc[m
[96m#       [m[38;5;121mnew file[m[96m: [m[95m  lab4/exercises/2-shape/point.hh[m
[96m#       [m[38;5;121mnew file[m[96m: [m[95m  lab4/exercises/2-shape/shapes.hh[m
[96m#       [m[38;5;121mnew file[m[96m: [m[95m  lab4/exercises/2-shape/tostring.cc[m
[96m#       [m[38;5;121mnew file[m[96m: [m[95m  lab4/exercises/2-shape/tostring.hh[m
[96m#       [m[38;5;121mnew file[m[96m: [m[95m  lab4/exercises/3-expr/expr.cc[m
[96m#       [m[38;5;121mnew file[m[96m: [m[95m  lab4/exercises/3-expr/expr.hh[m
[96m#       [m[38;5;121mnew file[m[96m: [m[95m  lab4/exercises/3-expr/main.cc[m
[96m#       [m[38;5;121mnew file[m[96m: [m[95m  lab4/exercises/3-expr/parse.cc[m
[96m#       [m[38;5;121mnew file[m[96m: [m[95m  lab4/exercises/3-expr/parse.hh[m
[96m#       [m[38;5;121mnew file[m[96m: [m[95m  lab4/exercises/3-expr/tostring.cc[m
[96m#       [m[38;5;121mnew file[m[96m: [m[95m  lab4/exercises/3-expr/tostring.hh[m
[96m#       [m[38;5;121mnew file[m[96m: [m[95m  lab4/exercises/Makefile[m
[96m#       [m[38;5;121mnew file[m[96m: [m[95m  lab4/exercises/lab4.log[m
[96m#       [m[38;5;121mnew file[m[96m: [m[95m  lab4/lab4.html[m
[96m#       [m[38;5;121mnew file[m[96m: [m[95m  lab4/lab4.pdf[m
[96m#       [m[38;5;121mnew file[m[96m: [m[95m  lab4/lab4.umt[m
[96m#       [m[38;5;121mnew file[m[96m: [m[95m  lab4/lab4/hl-fine_blue.css[m
[96m#       [m[38;5;121mnew file[m[96m: [m[95m  lab4/lab4/hl-fine_blue.sty[m
[96m#[m
[94m~                                                                                             [37;1H~                                                                                             [38;1H~                                                                                             [39;1H~                                                                                             [40;1H~                                                                                             [41;1H~                                                                                             [42;1H~                                                                                             [43;1H~                                                                                             [44;1H~                                                                                             [45;1H~                                                                                             [46;1H~                                                                                             [47;1H~                                                                                             [48;1H~                                                                                             [m[49;77H1,0-1[9CAll"~/i240b/.git/COMMIT_EDITMSG" 35L, 1327C[1;1H[?25h[?25l[49;67Hd[1;1H[?25h[?25l[49;68Ho[1;1H[49;1H[97m[41mE99: Current buffer is not in diff mode[m[49;40H[K[1;1H[49;77H1,0-1[9CAll[1;1H[?25h[?25l[49;67Hn[1;1H[49;1H/sad[49;5H[K[49;1H[38;5;224msearch hit BOTTOM, continuing at TOP[m[97m[41mE486: Pattern not found: sad[m[49;29H[K[1;1H[49;77H1,0-1[9CAll[1;1H[?25h[?25l[49;67He[1;1H[49;67H [2;1H[49;77H2,1  [2;1H[?25h[?25l[49;67Hi[2;1H[49;67H [2;1H[49;1H[1m-- INSERT --[m[49;13H[K[49;77H2,1[11CAll[2;1H[?25h[?25ld# Please enter the commit message for your changes. Lines starting[49;79H2]2;COMMIT_EDITMSG + (~/i240b/.git) - VIM]1;COMMIT_EDITMSG[2;2H[?25h[?25lo# Please enter the commit message for your changes. Lines starting[49;79H3[2;3H[?25h[?25ln# Please enter the commit message for your changes. Lines starting[49;79H4[2;4H[?25h[?25le# Please enter the commit message for your changes. Lines starting[49;79H5[2;5H[?25h[?25l # Please enter the commit message for your changes. Lines starting[49;79H6[2;6H[?25h[?25l# Please enter the commit message for your changes. Lines starting[2;71H[K[49;79H5[2;5H[?25h[?25l[3;48r[3;1H[L[1;49r[2;5H[K[3;1H[96m# Please enter the commit message for your changes. Lines starting[m[49;77H[K[49;77H3,1[11CAll[3;1H[?25h[?25l[49;77H2[2;1H[?25h[?25l[49;79H5[2;5H[?25h[?25l[49;79H1[2;1H[?25h[?25lone[2;4H[K[2;1H[?25h[?25lne[2;3H[K[2;1H[?25h[?25le[2;2H[K[2;1H[?25h[?25l[2;1H[K[2;1H[?25h[?25la[49;79H2[2;2H[?25h[?25ld[49;79H3[2;3H[?25h[?25ld[49;79H4[2;4H[?25h[?25le[49;79H5[2;5H[?25h[?25ld[49;79H6[2;6H[?25h[?25l[49;79H7[2;7H[?25h[?25ll[49;79H8[2;8H[?25h[?25la[49;79H9[2;9H[?25h[?25lb[49;79H10[2;10H[?25h[?25l4[49;80H1[2;11H[?25h[?25l3[49;80H2[2;12H[?25h[?25l[2;11H[K[49;80H1[2;11H[?25h[49;1H[K[2;10H[?25l[49;67H^[[2;10H[49;67H  [2;11H[49;77H2,10[10CAll[2;10H[?25h[?25l[49;67H:[2;10H[49;67H[K[49;1H:[?2004h[?25hw[?25l[?25hq[?25l[?25h[?25l[?1006l[?1002l[?2004l".git/COMMIT_EDITMSG" 36L, 1338C written]2;Terminal - ]1;Terminal - [23;2t[23;1t[22;2t[22;1t[23;2t[23;1t
[?2004l[?1l>[?25h[?1049l[23;0;0t[K[master 88ac591] added lab4
 Committer: Rutvik Saptarshi <rsaptar2@cs.binghamton.edu>
Your name and email address were configured automatically based
on your username and hostname. Please check that they are accurate.
You can suppress this message by setting them explicitly. Run the
following command and follow the instructions in your editor to edit
your configuration file:

    git config --global --edit

After doing this, you may fix the identity used for this commit with:

    git commit --amend --reset-author

 24 files changed, 1366 insertions(+)
 create mode 100644 work/lab4/exercises/1-point/.gitignore
 create mode 100644 work/lab4/exercises/1-point/main.cc
 create mode 100644 work/lab4/exercises/1-point/point.cc
 create mode 100644 work/lab4/exercises/1-point/point.hh
 create mode 100644 work/lab4/exercises/2-shape/main.cc
 create mode 100644 work/lab4/exercises/2-shape/point.cc
 create mode 100644 work/lab4/exercises/2-shape/point.hh
 create mode 100644 work/lab4/exercises/2-shape/shapes.hh
 create mode 100644 work/lab4/exercises/2-shape/tostring.cc
 create mode 100644 work/lab4/exercises/2-shape/tostring.hh
 create mode 100644 work/lab4/exercises/3-expr/expr.cc
 create mode 100644 work/lab4/exercises/3-expr/expr.hh
 create mode 100644 work/lab4/exercises/3-expr/main.cc
 create mode 100644 work/lab4/exercises/3-expr/parse.cc
 create mode 100644 work/lab4/exercises/3-expr/parse.hh
 create mode 100644 work/lab4/exercises/3-expr/tostring.cc
 create mode 100644 work/lab4/exercises/3-expr/tostring.hh
 create mode 100644 work/lab4/exercises/Makefile
 create mode 100644 work/lab4/exercises/lab4.log
 create mode 100644 work/lab4/lab4.html
 create mode 100644 work/lab4/lab4.pdf
 create mode 100644 work/lab4/lab4.umt
 create mode 100644 work/lab4/lab4/hl-fine_blue.css
 create mode 100644 work/lab4/lab4/hl-fine_blue.sty
rsaptar2@q22-23:/import/linux/home1/rsaptar2/i240b/work$ git commiyt[K[K[K[K[K[K[Kpusg[Kj[Kh
Username for 'https://github.com': rsaptar2
Password for 'https://rsaptar2@github.com': 
Enumerating objects: 31, done.
Counting objects:   3% (1/31)   Counting objects:   6% (2/31)   Counting objects:   9% (3/31)   Counting objects:  12% (4/31)   Counting objects:  16% (5/31)   Counting objects:  19% (6/31)   Counting objects:  22% (7/31)   Counting objects:  25% (8/31)   Counting objects:  29% (9/31)   Counting objects:  32% (10/31)   Counting objects:  35% (11/31)   Counting objects:  38% (12/31)   Counting objects:  41% (13/31)   Counting objects:  45% (14/31)   Counting objects:  48% (15/31)   Counting objects:  51% (16/31)   Counting objects:  54% (17/31)   Counting objects:  58% (18/31)   Counting objects:  61% (19/31)   Counting objects:  64% (20/31)   Counting objects:  67% (21/31)   Counting objects:  70% (22/31)   Counting objects:  74% (23/31)   Counting objects:  77% (24/31)   Counting objects:  80% (25/31)   Counting objects:  83% (26/31)   Counting objects:  87% (27/31)   Counting objects:  90% (28/31)   Counting objects:  93% (29/31)   Counting objects:  96% (30/31)   Counting objects: 100% (31/31)   Counting objects: 100% (31/31), done.
Delta compression using up to 8 threads
Compressing objects:   3% (1/28)   Compressing objects:   7% (2/28)   Compressing objects:  10% (3/28)   Compressing objects:  14% (4/28)   Compressing objects:  17% (5/28)   Compressing objects:  21% (6/28)   Compressing objects:  25% (7/28)   Compressing objects:  28% (8/28)   Compressing objects:  32% (9/28)   Compressing objects:  35% (10/28)   Compressing objects:  39% (11/28)   Compressing objects:  42% (12/28)   Compressing objects:  46% (13/28)   Compressing objects:  50% (14/28)   Compressing objects:  53% (15/28)   Compressing objects:  57% (16/28)   Compressing objects:  60% (17/28)   Compressing objects:  64% (18/28)   Compressing objects:  67% (19/28)   Compressing objects:  71% (20/28)   Compressing objects:  75% (21/28)   Compressing objects:  78% (22/28)   Compressing objects:  82% (23/28)   Compressing objects:  85% (24/28)   Compressing objects:  89% (25/28)   Compressing objects:  92% (26/28)   Compressing objects:  96% (27/28)   Compressing objects: 100% (28/28)   Compressing objects: 100% (28/28), done.
Writing objects:   3% (1/29)   Writing objects:   6% (2/29)   Writing objects:  10% (3/29)   Writing objects:  13% (4/29)   Writing objects:  17% (5/29)   Writing objects:  20% (6/29)   Writing objects:  24% (7/29)   Writing objects:  27% (8/29)   Writing objects:  31% (9/29)   Writing objects:  34% (10/29)   Writing objects:  37% (11/29)   Writing objects:  41% (12/29)   Writing objects:  44% (13/29)   Writing objects:  48% (14/29)   Writing objects:  51% (15/29)   Writing objects:  55% (16/29)   Writing objects:  58% (17/29)   Writing objects:  62% (18/29)   Writing objects:  65% (19/29)   Writing objects:  68% (20/29)   Writing objects:  72% (21/29)   Writing objects:  75% (22/29)   Writing objects:  79% (23/29)   Writing objects:  82% (24/29)   Writing objects:  86% (25/29)   Writing objects:  89% (26/29)   Writing objects:  93% (27/29)   Writing objects:  96% (28/29)   Writing objects: 100% (29/29)   Writing objects: 100% (29/29), 79.23 KiB | 6.60 MiB/s, done.
Total 29 (delta 2), reused 0 (delta 0)
remote: Resolving deltas:   0% (0/2)[Kremote: Resolving deltas:  50% (1/2)[Kremote: Resolving deltas: 100% (2/2)[Kremote: Resolving deltas: 100% (2/2), completed with 1 local object.[K
To https://github.com/rsaptar2/i240b
   60565a9..88ac591  master -> master
rsaptar2@q22-23:/import/linux/home1/rsaptar2/i240b/work$ exit

Script done on 2020-02-20 12:57:44-05:00 [COMMAND_EXIT_CODE="0"]
